Title:
Install a extra hard disk(virtual hard disk) in ubuntu

assume the hard disk(virtual hard disk) has been connected(attached) to system

1. sudo fdisk -l

Disk /dev/sda: 465.8 GiB, 500107862016 bytes, 976773168 sectors
Units: sectors of 1 * 512 = 512 bytes
Sector size (logical/physical): 512 bytes / 512 bytes
I/O size (minimum/optimal): 512 bytes / 512 bytes
Disklabel type: dos
Disk identifier: 0x51c177b0

Device     Boot Start       End   Sectors   Size Id Type
/dev/sda1  *     2048 976771071 976769024 465.8G 83 Linux


Disk /dev/sdb: 200 GiB, 214748364800 bytes, 419430400 sectors
Units: sectors of 1 * 512 = 512 bytes
Sector size (logical/physical): 512 bytes / 512 bytes
I/O size (minimum/optimal): 512 bytes / 512 bytes

2. sudo fdisk /dev/sdb
Welcome to fdisk (util-linux 2.31.1).
Changes will remain in memory only, until you decide to write them.
Be careful before using the write command.

Device does not contain a recognized partition table.
Created a new DOS disklabel with disk identifier 0x40db5512.

Command (m for help): m

Help:

  DOS (MBR)
   a   toggle a bootable flag
   b   edit nested BSD disklabel
   c   toggle the dos compatibility flag

  Generic
   d   delete a partition
   F   list free unpartitioned space
   l   list known partition types
   n   add a new partition
   p   print the partition table
   t   change a partition type
   v   verify the partition table
   i   print information about a partition

  Misc
   m   print this menu
   u   change display/entry units
   x   extra functionality (experts only)

  Script
   I   load disk layout from sfdisk script file
   O   dump disk layout to sfdisk script file

  Save & Exit
   w   write table to disk and exit
   q   quit without saving changes

  Create a new label
   g   create a new empty GPT partition table
   G   create a new empty SGI (IRIX) partition table
   o   create a new empty DOS partition table
   s   create a new empty Sun partition table
   
3. 'n' add a new partition

Command (m for help): n
Partition type
   p   primary (0 primary, 0 extended, 4 free)
   e   extended (container for logical partitions)
Select (default p): p
Partition number (1-4, default 1): 1
First sector (2048-419430399, default 2048):
Last sector, +sectors or +size{K,M,G,T,P} (2048-419430399, default 419430399):

Created a new partition 1 of type 'Linux' and of size 200 GiB.

4. save and exit
Command (m for help): w
The partition table has been altered.
Calling ioctl() to re-read partition table.
Syncing disks.

5. format new partition
toold@tooldvmforpf6dev:~$ sudo mkfs -t ext3 /dev/sdb1
mke2fs 1.44.1 (24-Mar-2018)
Creating filesystem with 52428544 4k blocks and 13107200 inodes
Filesystem UUID: 212182bc-b9db-40ad-8058-e01478855d14
Superblock backups stored on blocks:
        32768, 98304, 163840, 229376, 294912, 819200, 884736, 1605632, 2654208,
        4096000, 7962624, 11239424, 20480000, 23887872

Allocating group tables: done
Writing inode tables: done
Creating journal (262144 blocks): done
Writing superblocks and filesystem accounting information: done

6. mount the partition
toold@tooldvmforpf6dev:~/dev$ sudo mkdir /data
toold@tooldvmforpf6dev:~/dev$ sudo mount /dev/sdb1 /data
toold@tooldvmforpf6dev:~/dev$ sudo df
Filesystem     1K-blocks      Used Available Use% Mounted on
udev             8182608         0   8182608   0% /dev
tmpfs            1642548      1076   1641472   1% /run
/dev/sda1      479668904 417995936  37237360  92% /
tmpfs            8212724         0   8212724   0% /dev/shm
tmpfs               5120         0      5120   0% /run/lock
tmpfs            8212724         0   8212724   0% /sys/fs/cgroup
tmpfs            1642544         4   1642540   1% /run/user/114
tmpfs            1642544         0   1642544   0% /run/user/1000
/dev/sdb1      205375160     61712 194827740   1% /data

7. Configure automatic mount when system start
sudo vi /etc/fstab
add this config to the file
/dev/sdb1 /data ext3 defaults 1 2

8. Make new partition right for common user/1000
sudo chmod 777 /data



